// Jest Snapshot v1, https://goo.gl/fbAQLP

exports[`render Button 1`] = `
<button
  className="h-10 w-10 bg-primary-500 border-primary-500 text-white hover:bg-primary-400 flex justify-center items-center border rounded-3xl whitespace-nowrap "
  disabled={false}
  type="button"
/>
`;
