// Jest Snapshot v1, https://goo.gl/fbAQLP

exports[`render Dot 1`] = `
<span
  className="text-gray-400"
>
  â€¢
</span>
`;
